---
source: crates/ruff_linter/src/rules/ruff/mod.rs
---
RUF054.py:9:2: RUF054 Indented form feed
  |
7 | # after a whitespace or a tab
8 |
9 |  
  |  ^ RUF054
  |
  = help: Remove form feed

RUF054.py:10:3: RUF054 Indented form feed
   |
10 |         
   |         ^ RUF054
   |
   = help: Remove form feed

RUF054.py:11:3: RUF054 Indented form feed
   |
11 |  
   |  ^ RUF054
12 |
13 | def _():
   |
   = help: Remove form feed

RUF054.py:14:2: RUF054 Indented form feed
   |
13 | def _():
14 |     pass
   |     ^ RUF054
15 |
16 | if False:
   |
   = help: Remove form feed

RUF054.py:14:3: SyntaxError: Expected an indented block after function definition
   |
13 | def _():
14 |     pass
   |     ^
15 |
16 | if False:
   |

RUF054.py:17:5: RUF054 Indented form feed
   |
16 | if False:
17 |     print('T')
   |     ^ RUF054
18 |
19 | if True:
   |
   = help: Remove form feed

RUF054.py:17:6: SyntaxError: Expected an indented block after `if` statement
   |
16 | if False:
17 |     print('T')
   |     ^
18 |
19 | if True:
   |

RUF054.py:20:5: RUF054 Indented form feed
   |
19 | if True:
20 |    print("True")
   |    ^ RUF054
   |
   = help: Remove form feed

RUF054.py:20:6: SyntaxError: Expected an indented block after `if` statement
   |
19 | if True:
20 |    print("True")
   |    ^
   |

RUF054.py:32:5: RUF054 Indented form feed
   |
31 | def _():\
32 |         print("true")
   |     ^ RUF054
   |
   = help: Remove form feed

RUF054.py:36:20: RUF054 Indented form feed
   |
35 | if True:
36 |     print("true"), print("true")
   |                    ^ RUF054
   |
   = help: Remove form feed
